// Jest Snapshot v1, https://goo.gl/fbAQLP

exports[`Header renders the UI as expected 1`] = `
<nav
  className="Header"
>
  <h1
    className="Header__h1"
  >
    <a
      className="Header__main-button"
      href="/"
      onClick={[Function]}
    >
      Nutrilyze
    </a>
  </h1>
  <div
    className="Header__not-logged-in"
  >
    <a
      className="Header__login-button Header__button"
      href="/login"
      onClick={[Function]}
    >
      Login
    </a>
    <a
      className="Header__register-button Header__button"
      href="/register"
      onClick={[Function]}
    >
      Register
    </a>
  </div>
</nav>
`;
