// Jest Snapshot v1, https://goo.gl/fbAQLP

exports[`App.js renders the UI as expected 1`] = `
<div
  id="App"
>
  <nav
    className="Header"
  >
    <h1
      className="Header__h1"
    >
      <a
        className="Header__main-button"
        href="/"
        onClick={[Function]}
      >
        Nutrilyze
      </a>
    </h1>
    <div
      className="Header__not-logged-in"
    >
      <a
        className="Header__login-button Header__button"
        href="/login"
        onClick={[Function]}
      >
        Login
      </a>
      <a
        className="Header__register-button Header__button"
        href="/register"
        onClick={[Function]}
      >
        Register
      </a>
    </div>
  </nav>
  <div
    id="landing-page"
  >
    <section
      className="lp__section"
    >
      <header
        className="lp__header"
      >
        <h3>
          Keep track of daily nutrition
        </h3>
      </header>
      <p>
        [
        <em>
          placeholder for screenshot of current-nutrition-info interface
        </em>
        ]
      </p>
      <p>
        Nutrilyze stores and tracks nutrition info of all foods you eat. Allowing easy counting, storing, and reading of your current and past intake. You can also add additional users to your profile, allowing simple tracking of multiple people.
      </p>
    </section>
    <section
      className="lp__section"
    >
      <header
        className="lp__header"
      >
        <h3>
          Store foods for easier intake tracking
        </h3>
      </header>
      <p>
        [
        <em>
          placeholder for screenshot of food-store interface
        </em>
        ]
      </p>
      <p>
        Saving the food along with it's nutritional value and serving size allows you to simply retrieve the item again later, keeping you from having to stare at the nutrition facts while you type it in every time.
      </p>
    </section>
    <section
      className="lp__section"
    >
      <header
        className="lp__header"
      >
        <h3>
          Combine ingredients into meals
        </h3>
      </header>
      <p>
        [
        <em>
          placeholder for screenshot of meals in UI
        </em>
        ]
      </p>
      <p>
        Storing ingredients and meals separately allows you to easily add up the total nutrients in a combination of ingredients you have around the house. You may have none, some, or all of these ingredients already stored and ready to combine. Any not already stored will be stored for the next meal that uses that ingredient!
      </p>
    </section>
    <section
      className="lp__section lp__last-section"
    >
      <header
        className="lp__header"
      >
        <p
          className="lp__footer"
        >
          Get started by
        </p>
        <a
          className="lp__link"
          href="/register"
          onClick={[Function]}
        >
          Registering
        </a>
        <p
          className="lp__footer"
        >
           or by using our 
        </p>
        <button
          className="lp__button"
          onClick={[Function]}
        >
          Demo Account
        </button>
      </header>
    </section>
  </div>
</div>
`;
