// Jest Snapshot v1, https://goo.gl/fbAQLP

exports[`App.js renders the UI as expected 1`] = `
<div
  className="App"
>
  <header>
    <span>
      Nutrition Tracker
    </span>
    <nav>
      <ul
        className="nav-list"
      >
        <li
          className="list-item"
        >
          Nav
        </li>
        <li
          className="list-item"
        >
          Nav
        </li>
        <li
          className="list-item"
        >
          Nav
        </li>
      </ul>
    </nav>
  </header>
  <main>
    <div
      className="nutrition-input"
    >
      <form
        autoComplete="off"
        onSubmit={[Function]}
      >
        <label
          className="label-block"
          htmlFor="food"
        >
          <span>
            Name: 
          </span>
          <div
            className="autocomplete"
          >
            <input
              className="text-input"
              id="food"
              name="food"
              placeholder="Broccoli"
              required={true}
              type="text"
            />
          </div>
        </label>
        <label
          className="label-block"
          htmlFor="calories"
        >
          <span>
            Calories: 
          </span>
          <input
            className="text-input"
            id="calories"
            name="calories"
            placeholder="340"
            required={true}
            type="text"
          />
        </label>
        <label
          className="label-block"
          htmlFor="carbs"
        >
          <span>
            Carbs: 
          </span>
          <input
            className="text-input"
            id="carbs"
            name="carbs"
            placeholder="17g"
            required={true}
            type="text"
          />
        </label>
        <label
          className="label-block"
          htmlFor="protein"
        >
          <span>
            Protein: 
          </span>
          <input
            className="text-input"
            id="protein"
            name="protein"
            placeholder="12g"
            required={true}
            type="text"
          />
        </label>
        <label
          className="label-block"
          htmlFor="fat"
        >
          <span>
            Fat: 
          </span>
          <input
            className="text-input"
            id="fat"
            name="fat"
            placeholder="13g"
            required={true}
            type="text"
          />
        </label>
        <label
          className="label-block"
          htmlFor="sodium"
        >
          <span>
            Sodium: 
          </span>
          <input
            className="text-input"
            id="sodium"
            name="sodium"
            placeholder="10mg"
            required={true}
            type="text"
          />
        </label>
        <label
          className="label-block"
          htmlFor="serving-size"
        >
          <span>
            Serving Size: 
          </span>
          <input
            className="text-input"
            id="serving-size"
            name="serving-size"
            placeholder="2 Cups"
            type="text"
          />
          <span
            className="serving-size-note"
          >
            Only required if "Store Item" is checked
          </span>
        </label>
        <label
          className="label-block"
          id="apply-to"
        >
          <span
            className="apply-to-span"
          >
            Apply To: 
          </span>
          <div>
            <input
              className="user-checkbox"
              id="Gage"
              name="Gage"
              type="checkbox"
            />
            <label
              htmlFor="Gage"
            >
              Gage
            </label>
          </div>
          <div>
            <input
              className="user-checkbox"
              id="Alanna"
              name="Alanna"
              type="checkbox"
            />
            <label
              htmlFor="Alanna"
            >
              Alanna
            </label>
          </div>
        </label>
        <div>
          <button
            className="submit-button"
            type="submit"
          >
            Submit
          </button>
          <label>
            <span
              htmlFor="store-item"
            >
              Store Item: 
            </span>
            <input
              id="store-item"
              name="store-item"
              type="checkbox"
            />
          </label>
        </div>
      </form>
      <div
        className="quick-pick"
      >
        <section
          className="qp-section meals"
        >
          <div
            className="meals-header"
          >
            <h3
              className="qp-h3"
            >
              Meals
            </h3>
            <span>
              Organize New Meal +
            </span>
          </div>
          <span>
            Spaghetti
          </span>
          <div
            className="ingredients-list"
          >
            <p>
              &gt; Ingredients
            </p>
            <span>
              Spaghetti Noodles, Pasta Sauce
            </span>
          </div>
          <span>
            Beef Bibimbap
          </span>
          <span>
            Steak, Broccolli, Potatoes
          </span>
          <span>
            Teriyaki Chicken, Rice, Vegetables
          </span>
        </section>
        <section
          className="qp-section ingredients"
        >
          <h3
            className="ingredients-header qp-h3"
          >
            Ingredients
          </h3>
          <span>
            Broccolli
          </span>
          <span>
            Rice
          </span>
          <span>
            Spaghetti Noodles
          </span>
          <span>
            Pasta Sauce
          </span>
        </section>
      </div>
    </div>
    <div
      className="our-nutrition"
    >
      <div
        className="user-container"
      >
        <h3>
          Gage
        </h3>
        <p>
          Calories: 
          666
        </p>
        <p>
          Carbs: 
          40
        </p>
        <p>
          Protein: 
          20
        </p>
        <p>
          Fat: 
          30
        </p>
        <p>
          Sodium: 
          20
        </p>
      </div>
      <div
        className="user-container"
      >
        <h3>
          Alanna
        </h3>
        <p>
          Calories: 
          0
        </p>
        <p>
          Carbs: 
          0
        </p>
        <p>
          Protein: 
          0
        </p>
        <p>
          Fat: 
          0
        </p>
        <p>
          Sodium: 
          0
        </p>
      </div>
    </div>
  </main>
</div>
`;
